// Jest Snapshot v1, https://goo.gl/fbAQLP

exports[`Addons renders correctly 1`] = `
<div
  className="flex justify-center items-start flex-col w-full px-2 sm:px-6 mb-10"
>
  <div
    className="text-xl sm:text-2xl font-bold font-title mt-2 mb-2"
  >
    Add-ons
  </div>
  <AddonsItem
    Options={
      <CustomizeOptions
        CustomizationOptions={
          <CustomizeBadge
            badgeOptions={
              Object {
                "badgeColor": "0e75b6",
                "badgeLabel": "Profile views",
                "badgeStyle": "flat",
              }
            }
            githubName=""
            onBadgeUpdate={[Function]}
          />
        }
        title="Customize Badge"
      />
    }
    inputChecked={false}
    inputId="visitors-count"
    onInputChange={[Function]}
  >
    display visitors count badge
  </AddonsItem>
  <AddonsItem
    inputChecked={false}
    inputId="github-profile-trophy"
    onInputChange={[Function]}
  >
    display github trophy
  </AddonsItem>
  <AddonsItem
    Options={
      <CustomizeOptions
        CustomizationOptions={
          <CustomizeGithubStatsBase
            onUpdate={[Function]}
            options={
              Object {
                "bgColor": "",
                "cacheSeconds": null,
                "hideBorder": false,
                "locale": "en",
                "textColor": "",
                "theme": "",
                "titleColor": "",
              }
            }
            prefix="stats"
          />
        }
        title="Customize Github Stats Card"
      />
    }
    inputChecked={false}
    inputId="github-stats"
    onInputChange={[Function]}
  >
    display github profile stats card
  </AddonsItem>
  <AddonsItem
    Options={
      <CustomizeOptions
        CustomizationOptions={
          <CustomizeGithubStatsBase
            onUpdate={[Function]}
            options={
              Object {
                "bgColor": "",
                "cacheSeconds": null,
                "hideBorder": false,
                "locale": "en",
                "textColor": "",
                "theme": "",
                "titleColor": "",
              }
            }
            prefix="top-lang"
          />
        }
        title="Customize Top Skills Card"
      />
    }
    inputChecked={false}
    inputId="top-languages"
    onInputChange={[Function]}
  >
    display top skills
  </AddonsItem>
  <AddonsItem
    inputChecked={false}
    inputId="twitter-badge"
    onInputChange={[Function]}
  >
    display twitter badge
  </AddonsItem>
  <AddonsItem
    inputChecked={false}
    inputId="dev-dynamic-blogs"
    onInputChange={[Function]}
  >
    display latest dev.to blogs dynamically (GitHub Action)
  </AddonsItem>
  <AddonsItem
    inputChecked={false}
    inputId="medium-dynamic-blogs"
    onInputChange={[Function]}
  >
    display latest medium blogs dynamically (GitHub Action)
  </AddonsItem>
  <AddonsItem
    inputChecked={false}
    inputId="rss-dynamic-blogs"
    onInputChange={[Function]}
  >
    display latest blogs from your personal blog dynamically (GitHub Action)
  </AddonsItem>
</div>
`;
