// Jest Snapshot v1, https://goo.gl/fbAQLP

exports[`DisplaySocial Preview renders correctly 1`] = `ShallowWrapper {}`;

exports[`DisplaySocial Preview renders correctly with no username 1`] = `ShallowWrapper {}`;

exports[`DisplayWork Preview renders correctly 1`] = `ShallowWrapper {}`;

exports[`DisplayWork Preview renders correctly with no link 1`] = `ShallowWrapper {}`;

exports[`DisplayWork Preview renders correctly with no prefix 1`] = `ShallowWrapper {}`;

exports[`DisplayWork Preview renders correctly with no prefix and link 1`] = `ShallowWrapper {}`;

exports[`DisplayWork Preview renders correctly with no prefix, link and project 1`] = `ShallowWrapper {}`;

exports[`DisplayWork Preview renders correctly with no project 1`] = `ShallowWrapper {}`;

exports[`DisplayWork Preview renders correctly with no project and link 1`] = `ShallowWrapper {}`;

exports[`DisplayWork Preview renders correctly with no project and prefix 1`] = `ShallowWrapper {}`;

exports[`GitHubStats Preview renders correctly 1`] = `ShallowWrapper {}`;

exports[`GitHubStats Preview renders correctly 2`] = `ShallowWrapper {}`;

exports[`GithubProfileTrophy Preview renders correctly 1`] = `ShallowWrapper {}`;

exports[`GithubProfileTrophy Preview renders correctly with show true 1`] = `ShallowWrapper {}`;

exports[`Markdown Preview renders correctly 1`] = `ShallowWrapper {}`;

exports[`SectionTitle Preview renders correctly 1`] = `ShallowWrapper {}`;

exports[`SectionTitle Preview renders correctly with no label 1`] = `ShallowWrapper {}`;

exports[`SectionTitle Preview renders correctly with visible false 1`] = `ShallowWrapper {}`;

exports[`Skills Preview renders correctly 1`] = `ShallowWrapper {}`;

exports[`Skills Preview renders correctly with no skills 1`] = `ShallowWrapper {}`;

exports[`Social Preview renders correctly 1`] = `ShallowWrapper {}`;

exports[`SubTitle Preview renders correctly 1`] = `ShallowWrapper {}`;

exports[`SubTitle Preview renders correctly with no subtitle 1`] = `ShallowWrapper {}`;

exports[`Title Preview renders correctly 1`] = `ShallowWrapper {}`;

exports[`Title Preview renders correctly with no prefix 1`] = `ShallowWrapper {}`;

exports[`Title Preview renders correctly with no title 1`] = `ShallowWrapper {}`;

exports[`Title Preview renders correctly with no title and prefix 1`] = `ShallowWrapper {}`;

exports[`TopLanguages Preview renders correctly 1`] = `ShallowWrapper {}`;

exports[`TopLanguages Preview renders correctly with show true 1`] = `ShallowWrapper {}`;

exports[`TwitterBadgePreview Preview renders correctly 1`] = `ShallowWrapper {}`;

exports[`TwitterBadgePreview Preview renders correctly with show true 1`] = `ShallowWrapper {}`;

exports[`VisitorsBadge Preview renders correctly 1`] = `ShallowWrapper {}`;

exports[`VisitorsBadge Preview renders correctly with show true 1`] = `ShallowWrapper {}`;

exports[`Work Preview renders correctly 1`] = `ShallowWrapper {}`;
