// Jest Snapshot v1, https://goo.gl/fbAQLP

exports[`Markdown renders devDynamicBlogs is true 1`] = `
<div
  className="break-words"
  id="markdown-content"
>
  <Title
    prefix="Hi 👋, I'm"
    title="title"
  />
  <SubTitle
    subtitle="A passionate frontend developer from India"
  />
  <VisitorsBadge
    badgeOptions={
      Object {
        "badgeColor": "0e75b6",
        "badgeLabel": "Profile%20views",
        "badgeStyle": "flat",
      }
    }
    show={false}
  />
  <GithubProfileTrophy
    show={false}
  />
  <TwitterBadge
    base="https://twitter.com"
    show={false}
  />
  <DisplayWork
    link="currentWork"
    prefix="🔭 I’m currently working on"
    project="currentWork"
  />
  <DisplayWork
    link=""
    prefix="🌱 I’m currently learning"
    project=""
  />
  <DisplayWork
    link="collaborateOn"
    prefix="👯 I’m looking to collaborate on"
    project=""
  />
  <DisplayWork
    link="helpWith"
    prefix="🤝 I’m looking for help with"
    project=""
  />
  <DisplayWork
    link="portfolio"
    prefix="👨‍💻 All of my projects are available at"
    project=""
  />
  <DisplayWork
    link="blog"
    prefix="📝 I regularly write articles on"
    project=""
  />
  <DisplayWork
    link=""
    prefix="💬 Ask me about"
    project=""
  />
  <DisplayWork
    link=""
    prefix="📫 How to reach me"
    project=""
  />
  <DisplayWork
    link="resume"
    prefix="📄 Know about my experiences"
    project=""
  />
  <DisplayWork
    link=""
    prefix="⚡ Fun fact"
    project=""
  />
  <DisplayDynamicBlogs
    show="dev"
  />
  <SectionTitle
    label="Connect with me:"
  />
  &lt;p align="left"&gt;
  <br />
  <DisplaySocial
    base="https://codepen.io"
    icon="https://raw.githubusercontent.com/rahuldkjain/github-profile-readme-generator/master/src/images/icons/Social/codepen.svg"
  />
  <DisplaySocial
    base="https://dev.to"
    icon="https://raw.githubusercontent.com/rahuldkjain/github-profile-readme-generator/master/src/images/icons/Social/devto.svg"
    username="dev"
  />
  <DisplaySocial
    base="https://twitter.com"
    icon="https://raw.githubusercontent.com/rahuldkjain/github-profile-readme-generator/master/src/images/icons/Social/twitter.svg"
  />
  <DisplaySocial
    base="https://linkedin.com/in"
    icon="https://raw.githubusercontent.com/rahuldkjain/github-profile-readme-generator/master/src/images/icons/Social/linked-in-alt.svg"
  />
  <DisplaySocial
    base="https://stackoverflow.com/users"
    icon="https://raw.githubusercontent.com/rahuldkjain/github-profile-readme-generator/master/src/images/icons/Social/stack-overflow.svg"
  />
  <DisplaySocial
    base="https://codesandbox.com"
    icon="https://raw.githubusercontent.com/rahuldkjain/github-profile-readme-generator/master/src/images/icons/Social/codesandbox.svg"
  />
  <DisplaySocial
    base="https://kaggle.com"
    icon="https://raw.githubusercontent.com/rahuldkjain/github-profile-readme-generator/master/src/images/icons/Social/kaggle.svg"
  />
  <DisplaySocial
    base="https://fb.com"
    icon="https://raw.githubusercontent.com/rahuldkjain/github-profile-readme-generator/master/src/images/icons/Social/facebook.svg"
  />
  <DisplaySocial
    base="https://instagram.com"
    icon="https://raw.githubusercontent.com/rahuldkjain/github-profile-readme-generator/master/src/images/icons/Social/instagram.svg"
  />
  <DisplaySocial
    base="https://dribbble.com"
    icon="https://raw.githubusercontent.com/rahuldkjain/github-profile-readme-generator/master/src/images/icons/Social/dribbble.svg"
  />
  <DisplaySocial
    base="https://www.behance.net"
    icon="https://raw.githubusercontent.com/rahuldkjain/github-profile-readme-generator/master/src/images/icons/Social/behance.svg"
  />
  <DisplaySocial
    base="https://medium.com"
    icon="https://raw.githubusercontent.com/rahuldkjain/github-profile-readme-generator/master/src/images/icons/Social/medium.svg"
  />
  <DisplaySocial
    base="https://www.youtube.com/c"
    icon="https://raw.githubusercontent.com/rahuldkjain/github-profile-readme-generator/master/src/images/icons/Social/youtube.svg"
  />
  <DisplaySocial
    base="https://www.codechef.com/users"
    icon="https://cdn.jsdelivr.net/npm/simple-icons@3.1.0/icons/codechef.svg"
    username=""
  />
  <DisplaySocial
    base="https://www.hackerrank.com"
    icon="https://raw.githubusercontent.com/rahuldkjain/github-profile-readme-generator/master/src/images/icons/Social/hackerrank.svg"
  />
  <DisplaySocial
    base="https://codeforces.com/profile"
    icon="https://raw.githubusercontent.com/rahuldkjain/github-profile-readme-generator/master/src/images/icons/Social/codeforces.svg"
  />
  <DisplaySocial
    base="https://www.leetcode.com"
    icon="https://raw.githubusercontent.com/rahuldkjain/github-profile-readme-generator/master/src/images/icons/Social/leet-code.svg"
  />
  <DisplaySocial
    base="https://www.hackerearth.com"
    icon="https://raw.githubusercontent.com/rahuldkjain/github-profile-readme-generator/master/src/images/icons/Social/hackerearth.svg"
  />
  <DisplaySocial
    base="https://auth.geeksforgeeks.org/user"
    icon="https://raw.githubusercontent.com/rahuldkjain/github-profile-readme-generator/master/src/images/icons/Social/geeks-for-geeks.svg"
  />
  <DisplaySocial
    base="https://www.topcoder.com/members"
    icon="https://raw.githubusercontent.com/rahuldkjain/github-profile-readme-generator/master/src/images/icons/Social/topcoder.svg"
  />
  <DisplaySocial
    base="https://discord.gg"
    icon="https://raw.githubusercontent.com/rahuldkjain/github-profile-readme-generator/master/src/images/icons/Social/discord.svg"
  />
  <DisplaySocial
    base=""
    icon="https://raw.githubusercontent.com/rahuldkjain/github-profile-readme-generator/master/src/images/icons/Social/rss.svg"
  />
  &lt;/p&gt;
  <br />
  <br />
  <DisplaySkills
    skills={
      Object {
        "express": false,
        "javascript": true,
      }
    }
  />
  <DisplaySupport
    support={
      Object {
        "buyMeACoffee": "",
      }
    }
  />
  <DisplayTopLanguages
    options={
      Object {
        "bgColor": "",
        "cacheSeconds": null,
        "hideBorder": false,
        "locale": "en",
        "textColor": "",
        "theme": "",
        "titleColor": "",
      }
    }
    show={false}
    showStats={false}
  />
  <GitHubStats
    options={
      Object {
        "bgColor": "",
        "cacheSeconds": null,
        "hideBorder": false,
        "locale": "en",
        "textColor": "",
        "theme": "",
        "titleColor": "",
      }
    }
    show={false}
  />
  <DisplayStreakStats
    options={
      Object {
        "bgColor": "",
        "cacheSeconds": "",
        "hideBorder": "",
        "locale": "",
        "textColor": "",
        "theme": "",
        "titleColor": "",
      }
    }
  />
</div>
`;

exports[`Markdown renders githubProfileTrophy is true 1`] = `
<div
  className="break-words"
  id="markdown-content"
>
  <Title
    prefix="Hi 👋, I'm"
    title="title"
  />
  <SubTitle
    subtitle="A passionate frontend developer from India"
  />
  <VisitorsBadge
    badgeOptions={
      Object {
        "badgeColor": "0e75b6",
        "badgeLabel": "Profile%20views",
        "badgeStyle": "flat",
      }
    }
    show={false}
  />
  <GithubProfileTrophy
    show={true}
  />
  <TwitterBadge
    base="https://twitter.com"
    show={false}
  />
  <DisplayWork
    link="currentWork"
    prefix="🔭 I’m currently working on"
    project="currentWork"
  />
  <DisplayWork
    link=""
    prefix="🌱 I’m currently learning"
    project=""
  />
  <DisplayWork
    link="collaborateOn"
    prefix="👯 I’m looking to collaborate on"
    project=""
  />
  <DisplayWork
    link="helpWith"
    prefix="🤝 I’m looking for help with"
    project=""
  />
  <DisplayWork
    link="portfolio"
    prefix="👨‍💻 All of my projects are available at"
    project=""
  />
  <DisplayWork
    link="blog"
    prefix="📝 I regularly write articles on"
    project=""
  />
  <DisplayWork
    link=""
    prefix="💬 Ask me about"
    project=""
  />
  <DisplayWork
    link=""
    prefix="📫 How to reach me"
    project=""
  />
  <DisplayWork
    link="resume"
    prefix="📄 Know about my experiences"
    project=""
  />
  <DisplayWork
    link=""
    prefix="⚡ Fun fact"
    project=""
  />
  <DisplayDynamicBlogs
    show={false}
  />
  <SectionTitle
    label="Connect with me:"
  />
  &lt;p align="left"&gt;
  <br />
  <DisplaySocial
    base="https://codepen.io"
    icon="https://raw.githubusercontent.com/rahuldkjain/github-profile-readme-generator/master/src/images/icons/Social/codepen.svg"
  />
  <DisplaySocial
    base="https://dev.to"
    icon="https://raw.githubusercontent.com/rahuldkjain/github-profile-readme-generator/master/src/images/icons/Social/devto.svg"
    username="dev"
  />
  <DisplaySocial
    base="https://twitter.com"
    icon="https://raw.githubusercontent.com/rahuldkjain/github-profile-readme-generator/master/src/images/icons/Social/twitter.svg"
  />
  <DisplaySocial
    base="https://linkedin.com/in"
    icon="https://raw.githubusercontent.com/rahuldkjain/github-profile-readme-generator/master/src/images/icons/Social/linked-in-alt.svg"
  />
  <DisplaySocial
    base="https://stackoverflow.com/users"
    icon="https://raw.githubusercontent.com/rahuldkjain/github-profile-readme-generator/master/src/images/icons/Social/stack-overflow.svg"
  />
  <DisplaySocial
    base="https://codesandbox.com"
    icon="https://raw.githubusercontent.com/rahuldkjain/github-profile-readme-generator/master/src/images/icons/Social/codesandbox.svg"
  />
  <DisplaySocial
    base="https://kaggle.com"
    icon="https://raw.githubusercontent.com/rahuldkjain/github-profile-readme-generator/master/src/images/icons/Social/kaggle.svg"
  />
  <DisplaySocial
    base="https://fb.com"
    icon="https://raw.githubusercontent.com/rahuldkjain/github-profile-readme-generator/master/src/images/icons/Social/facebook.svg"
  />
  <DisplaySocial
    base="https://instagram.com"
    icon="https://raw.githubusercontent.com/rahuldkjain/github-profile-readme-generator/master/src/images/icons/Social/instagram.svg"
  />
  <DisplaySocial
    base="https://dribbble.com"
    icon="https://raw.githubusercontent.com/rahuldkjain/github-profile-readme-generator/master/src/images/icons/Social/dribbble.svg"
  />
  <DisplaySocial
    base="https://www.behance.net"
    icon="https://raw.githubusercontent.com/rahuldkjain/github-profile-readme-generator/master/src/images/icons/Social/behance.svg"
  />
  <DisplaySocial
    base="https://medium.com"
    icon="https://raw.githubusercontent.com/rahuldkjain/github-profile-readme-generator/master/src/images/icons/Social/medium.svg"
  />
  <DisplaySocial
    base="https://www.youtube.com/c"
    icon="https://raw.githubusercontent.com/rahuldkjain/github-profile-readme-generator/master/src/images/icons/Social/youtube.svg"
  />
  <DisplaySocial
    base="https://www.codechef.com/users"
    icon="https://cdn.jsdelivr.net/npm/simple-icons@3.1.0/icons/codechef.svg"
    username=""
  />
  <DisplaySocial
    base="https://www.hackerrank.com"
    icon="https://raw.githubusercontent.com/rahuldkjain/github-profile-readme-generator/master/src/images/icons/Social/hackerrank.svg"
  />
  <DisplaySocial
    base="https://codeforces.com/profile"
    icon="https://raw.githubusercontent.com/rahuldkjain/github-profile-readme-generator/master/src/images/icons/Social/codeforces.svg"
  />
  <DisplaySocial
    base="https://www.leetcode.com"
    icon="https://raw.githubusercontent.com/rahuldkjain/github-profile-readme-generator/master/src/images/icons/Social/leet-code.svg"
  />
  <DisplaySocial
    base="https://www.hackerearth.com"
    icon="https://raw.githubusercontent.com/rahuldkjain/github-profile-readme-generator/master/src/images/icons/Social/hackerearth.svg"
  />
  <DisplaySocial
    base="https://auth.geeksforgeeks.org/user"
    icon="https://raw.githubusercontent.com/rahuldkjain/github-profile-readme-generator/master/src/images/icons/Social/geeks-for-geeks.svg"
  />
  <DisplaySocial
    base="https://www.topcoder.com/members"
    icon="https://raw.githubusercontent.com/rahuldkjain/github-profile-readme-generator/master/src/images/icons/Social/topcoder.svg"
  />
  <DisplaySocial
    base="https://discord.gg"
    icon="https://raw.githubusercontent.com/rahuldkjain/github-profile-readme-generator/master/src/images/icons/Social/discord.svg"
  />
  <DisplaySocial
    base=""
    icon="https://raw.githubusercontent.com/rahuldkjain/github-profile-readme-generator/master/src/images/icons/Social/rss.svg"
  />
  &lt;/p&gt;
  <br />
  <br />
  <DisplaySkills
    skills={
      Object {
        "express": false,
        "javascript": true,
      }
    }
  />
  <DisplaySupport
    support={
      Object {
        "buyMeACoffee": "",
      }
    }
  />
  <DisplayTopLanguages
    options={
      Object {
        "bgColor": "",
        "cacheSeconds": null,
        "hideBorder": false,
        "locale": "en",
        "textColor": "",
        "theme": "",
        "titleColor": "",
      }
    }
    show={false}
    showStats={false}
  />
  <GitHubStats
    options={
      Object {
        "bgColor": "",
        "cacheSeconds": null,
        "hideBorder": false,
        "locale": "en",
        "textColor": "",
        "theme": "",
        "titleColor": "",
      }
    }
    show={false}
  />
  <DisplayStreakStats
    options={
      Object {
        "bgColor": "",
        "cacheSeconds": "",
        "hideBorder": "",
        "locale": "",
        "textColor": "",
        "theme": "",
        "titleColor": "",
      }
    }
  />
</div>
`;

exports[`Markdown renders githubProfileTrophy is true 2`] = `
<div
  className="break-words"
  id="markdown-content"
>
  <Title
    prefix="Hi 👋, I'm"
    title="title"
  />
  <SubTitle
    subtitle="A passionate frontend developer from India"
  />
  <VisitorsBadge
    badgeOptions={
      Object {
        "badgeColor": "0e75b6",
        "badgeLabel": "Profile%20views",
        "badgeStyle": "flat",
      }
    }
    show={false}
  />
  <GithubProfileTrophy
    show={true}
  />
  <TwitterBadge
    base="https://twitter.com"
    show={false}
  />
  <DisplayWork
    link="currentWork"
    prefix="🔭 I’m currently working on"
    project="currentWork"
  />
  <DisplayWork
    link=""
    prefix="🌱 I’m currently learning"
    project=""
  />
  <DisplayWork
    link="collaborateOn"
    prefix="👯 I’m looking to collaborate on"
    project=""
  />
  <DisplayWork
    link="helpWith"
    prefix="🤝 I’m looking for help with"
    project=""
  />
  <DisplayWork
    link="portfolio"
    prefix="👨‍💻 All of my projects are available at"
    project=""
  />
  <DisplayWork
    link="blog"
    prefix="📝 I regularly write articles on"
    project=""
  />
  <DisplayWork
    link=""
    prefix="💬 Ask me about"
    project=""
  />
  <DisplayWork
    link=""
    prefix="📫 How to reach me"
    project=""
  />
  <DisplayWork
    link="resume"
    prefix="📄 Know about my experiences"
    project=""
  />
  <DisplayWork
    link=""
    prefix="⚡ Fun fact"
    project=""
  />
  <DisplayDynamicBlogs
    show={false}
  />
  <SectionTitle
    label="Connect with me:"
  />
  &lt;p align="left"&gt;
  <br />
  <DisplaySocial
    base="https://codepen.io"
    icon="https://raw.githubusercontent.com/rahuldkjain/github-profile-readme-generator/master/src/images/icons/Social/codepen.svg"
  />
  <DisplaySocial
    base="https://dev.to"
    icon="https://raw.githubusercontent.com/rahuldkjain/github-profile-readme-generator/master/src/images/icons/Social/devto.svg"
    username="dev"
  />
  <DisplaySocial
    base="https://twitter.com"
    icon="https://raw.githubusercontent.com/rahuldkjain/github-profile-readme-generator/master/src/images/icons/Social/twitter.svg"
  />
  <DisplaySocial
    base="https://linkedin.com/in"
    icon="https://raw.githubusercontent.com/rahuldkjain/github-profile-readme-generator/master/src/images/icons/Social/linked-in-alt.svg"
  />
  <DisplaySocial
    base="https://stackoverflow.com/users"
    icon="https://raw.githubusercontent.com/rahuldkjain/github-profile-readme-generator/master/src/images/icons/Social/stack-overflow.svg"
  />
  <DisplaySocial
    base="https://codesandbox.com"
    icon="https://raw.githubusercontent.com/rahuldkjain/github-profile-readme-generator/master/src/images/icons/Social/codesandbox.svg"
  />
  <DisplaySocial
    base="https://kaggle.com"
    icon="https://raw.githubusercontent.com/rahuldkjain/github-profile-readme-generator/master/src/images/icons/Social/kaggle.svg"
  />
  <DisplaySocial
    base="https://fb.com"
    icon="https://raw.githubusercontent.com/rahuldkjain/github-profile-readme-generator/master/src/images/icons/Social/facebook.svg"
  />
  <DisplaySocial
    base="https://instagram.com"
    icon="https://raw.githubusercontent.com/rahuldkjain/github-profile-readme-generator/master/src/images/icons/Social/instagram.svg"
  />
  <DisplaySocial
    base="https://dribbble.com"
    icon="https://raw.githubusercontent.com/rahuldkjain/github-profile-readme-generator/master/src/images/icons/Social/dribbble.svg"
  />
  <DisplaySocial
    base="https://www.behance.net"
    icon="https://raw.githubusercontent.com/rahuldkjain/github-profile-readme-generator/master/src/images/icons/Social/behance.svg"
  />
  <DisplaySocial
    base="https://medium.com"
    icon="https://raw.githubusercontent.com/rahuldkjain/github-profile-readme-generator/master/src/images/icons/Social/medium.svg"
  />
  <DisplaySocial
    base="https://www.youtube.com/c"
    icon="https://raw.githubusercontent.com/rahuldkjain/github-profile-readme-generator/master/src/images/icons/Social/youtube.svg"
  />
  <DisplaySocial
    base="https://www.codechef.com/users"
    icon="https://cdn.jsdelivr.net/npm/simple-icons@3.1.0/icons/codechef.svg"
    username=""
  />
  <DisplaySocial
    base="https://www.hackerrank.com"
    icon="https://raw.githubusercontent.com/rahuldkjain/github-profile-readme-generator/master/src/images/icons/Social/hackerrank.svg"
  />
  <DisplaySocial
    base="https://codeforces.com/profile"
    icon="https://raw.githubusercontent.com/rahuldkjain/github-profile-readme-generator/master/src/images/icons/Social/codeforces.svg"
  />
  <DisplaySocial
    base="https://www.leetcode.com"
    icon="https://raw.githubusercontent.com/rahuldkjain/github-profile-readme-generator/master/src/images/icons/Social/leet-code.svg"
  />
  <DisplaySocial
    base="https://www.hackerearth.com"
    icon="https://raw.githubusercontent.com/rahuldkjain/github-profile-readme-generator/master/src/images/icons/Social/hackerearth.svg"
  />
  <DisplaySocial
    base="https://auth.geeksforgeeks.org/user"
    icon="https://raw.githubusercontent.com/rahuldkjain/github-profile-readme-generator/master/src/images/icons/Social/geeks-for-geeks.svg"
  />
  <DisplaySocial
    base="https://www.topcoder.com/members"
    icon="https://raw.githubusercontent.com/rahuldkjain/github-profile-readme-generator/master/src/images/icons/Social/topcoder.svg"
  />
  <DisplaySocial
    base="https://discord.gg"
    icon="https://raw.githubusercontent.com/rahuldkjain/github-profile-readme-generator/master/src/images/icons/Social/discord.svg"
  />
  <DisplaySocial
    base=""
    icon="https://raw.githubusercontent.com/rahuldkjain/github-profile-readme-generator/master/src/images/icons/Social/rss.svg"
  />
  &lt;/p&gt;
  <br />
  <br />
  <DisplaySkills
    skills={
      Object {
        "express": false,
        "javascript": true,
      }
    }
  />
  <DisplaySupport
    support={
      Object {
        "buyMeACoffee": "",
      }
    }
  />
  <DisplayTopLanguages
    options={
      Object {
        "bgColor": "",
        "cacheSeconds": null,
        "hideBorder": false,
        "locale": "en",
        "textColor": "",
        "theme": "",
        "titleColor": "",
      }
    }
    show={false}
    showStats={false}
  />
  <GitHubStats
    options={
      Object {
        "bgColor": "",
        "cacheSeconds": null,
        "hideBorder": false,
        "locale": "en",
        "textColor": "",
        "theme": "",
        "titleColor": "",
      }
    }
    show={false}
  />
  <DisplayStreakStats
    options={
      Object {
        "bgColor": "",
        "cacheSeconds": "",
        "hideBorder": "",
        "locale": "",
        "textColor": "",
        "theme": "",
        "titleColor": "",
      }
    }
  />
</div>
`;

exports[`Markdown renders topLanguages is true 1`] = `
<div
  className="break-words"
  id="markdown-content"
>
  <Title
    prefix="Hi 👋, I'm"
    title="title"
  />
  <SubTitle
    subtitle="A passionate frontend developer from India"
  />
  <VisitorsBadge
    badgeOptions={
      Object {
        "badgeColor": "0e75b6",
        "badgeLabel": "Profile%20views",
        "badgeStyle": "flat",
      }
    }
    show={false}
  />
  <GithubProfileTrophy
    show={false}
  />
  <TwitterBadge
    base="https://twitter.com"
    show={false}
  />
  <DisplayWork
    link="currentWork"
    prefix="🔭 I’m currently working on"
    project="currentWork"
  />
  <DisplayWork
    link=""
    prefix="🌱 I’m currently learning"
    project=""
  />
  <DisplayWork
    link="collaborateOn"
    prefix="👯 I’m looking to collaborate on"
    project=""
  />
  <DisplayWork
    link="helpWith"
    prefix="🤝 I’m looking for help with"
    project=""
  />
  <DisplayWork
    link="portfolio"
    prefix="👨‍💻 All of my projects are available at"
    project=""
  />
  <DisplayWork
    link="blog"
    prefix="📝 I regularly write articles on"
    project=""
  />
  <DisplayWork
    link=""
    prefix="💬 Ask me about"
    project=""
  />
  <DisplayWork
    link=""
    prefix="📫 How to reach me"
    project=""
  />
  <DisplayWork
    link="resume"
    prefix="📄 Know about my experiences"
    project=""
  />
  <DisplayWork
    link=""
    prefix="⚡ Fun fact"
    project=""
  />
  <DisplayDynamicBlogs
    show={false}
  />
  <SectionTitle
    label="Connect with me:"
  />
  &lt;p align="left"&gt;
  <br />
  <DisplaySocial
    base="https://codepen.io"
    icon="https://raw.githubusercontent.com/rahuldkjain/github-profile-readme-generator/master/src/images/icons/Social/codepen.svg"
  />
  <DisplaySocial
    base="https://dev.to"
    icon="https://raw.githubusercontent.com/rahuldkjain/github-profile-readme-generator/master/src/images/icons/Social/devto.svg"
    username="dev"
  />
  <DisplaySocial
    base="https://twitter.com"
    icon="https://raw.githubusercontent.com/rahuldkjain/github-profile-readme-generator/master/src/images/icons/Social/twitter.svg"
  />
  <DisplaySocial
    base="https://linkedin.com/in"
    icon="https://raw.githubusercontent.com/rahuldkjain/github-profile-readme-generator/master/src/images/icons/Social/linked-in-alt.svg"
  />
  <DisplaySocial
    base="https://stackoverflow.com/users"
    icon="https://raw.githubusercontent.com/rahuldkjain/github-profile-readme-generator/master/src/images/icons/Social/stack-overflow.svg"
  />
  <DisplaySocial
    base="https://codesandbox.com"
    icon="https://raw.githubusercontent.com/rahuldkjain/github-profile-readme-generator/master/src/images/icons/Social/codesandbox.svg"
  />
  <DisplaySocial
    base="https://kaggle.com"
    icon="https://raw.githubusercontent.com/rahuldkjain/github-profile-readme-generator/master/src/images/icons/Social/kaggle.svg"
  />
  <DisplaySocial
    base="https://fb.com"
    icon="https://raw.githubusercontent.com/rahuldkjain/github-profile-readme-generator/master/src/images/icons/Social/facebook.svg"
  />
  <DisplaySocial
    base="https://instagram.com"
    icon="https://raw.githubusercontent.com/rahuldkjain/github-profile-readme-generator/master/src/images/icons/Social/instagram.svg"
  />
  <DisplaySocial
    base="https://dribbble.com"
    icon="https://raw.githubusercontent.com/rahuldkjain/github-profile-readme-generator/master/src/images/icons/Social/dribbble.svg"
  />
  <DisplaySocial
    base="https://www.behance.net"
    icon="https://raw.githubusercontent.com/rahuldkjain/github-profile-readme-generator/master/src/images/icons/Social/behance.svg"
  />
  <DisplaySocial
    base="https://medium.com"
    icon="https://raw.githubusercontent.com/rahuldkjain/github-profile-readme-generator/master/src/images/icons/Social/medium.svg"
  />
  <DisplaySocial
    base="https://www.youtube.com/c"
    icon="https://raw.githubusercontent.com/rahuldkjain/github-profile-readme-generator/master/src/images/icons/Social/youtube.svg"
  />
  <DisplaySocial
    base="https://www.codechef.com/users"
    icon="https://cdn.jsdelivr.net/npm/simple-icons@3.1.0/icons/codechef.svg"
    username=""
  />
  <DisplaySocial
    base="https://www.hackerrank.com"
    icon="https://raw.githubusercontent.com/rahuldkjain/github-profile-readme-generator/master/src/images/icons/Social/hackerrank.svg"
  />
  <DisplaySocial
    base="https://codeforces.com/profile"
    icon="https://raw.githubusercontent.com/rahuldkjain/github-profile-readme-generator/master/src/images/icons/Social/codeforces.svg"
  />
  <DisplaySocial
    base="https://www.leetcode.com"
    icon="https://raw.githubusercontent.com/rahuldkjain/github-profile-readme-generator/master/src/images/icons/Social/leet-code.svg"
  />
  <DisplaySocial
    base="https://www.hackerearth.com"
    icon="https://raw.githubusercontent.com/rahuldkjain/github-profile-readme-generator/master/src/images/icons/Social/hackerearth.svg"
  />
  <DisplaySocial
    base="https://auth.geeksforgeeks.org/user"
    icon="https://raw.githubusercontent.com/rahuldkjain/github-profile-readme-generator/master/src/images/icons/Social/geeks-for-geeks.svg"
  />
  <DisplaySocial
    base="https://www.topcoder.com/members"
    icon="https://raw.githubusercontent.com/rahuldkjain/github-profile-readme-generator/master/src/images/icons/Social/topcoder.svg"
  />
  <DisplaySocial
    base="https://discord.gg"
    icon="https://raw.githubusercontent.com/rahuldkjain/github-profile-readme-generator/master/src/images/icons/Social/discord.svg"
  />
  <DisplaySocial
    base=""
    icon="https://raw.githubusercontent.com/rahuldkjain/github-profile-readme-generator/master/src/images/icons/Social/rss.svg"
  />
  &lt;/p&gt;
  <br />
  <br />
  <DisplaySkills
    skills={
      Object {
        "express": false,
        "javascript": true,
      }
    }
  />
  <DisplaySupport
    support={
      Object {
        "buyMeACoffee": "",
      }
    }
  />
  <DisplayTopLanguages
    options={
      Object {
        "bgColor": "",
        "cacheSeconds": null,
        "hideBorder": false,
        "locale": "en",
        "textColor": "",
        "theme": "",
        "titleColor": "",
      }
    }
    show={true}
    showStats={false}
  />
  <GitHubStats
    options={
      Object {
        "bgColor": "",
        "cacheSeconds": null,
        "hideBorder": false,
        "locale": "en",
        "textColor": "",
        "theme": "",
        "titleColor": "",
      }
    }
    show={false}
  />
  <DisplayStreakStats
    options={
      Object {
        "bgColor": "",
        "cacheSeconds": "",
        "hideBorder": "",
        "locale": "",
        "textColor": "",
        "theme": "",
        "titleColor": "",
      }
    }
  />
</div>
`;

exports[`Markdown renders topLanguages is true and githubStats is true 1`] = `
<div
  className="break-words"
  id="markdown-content"
>
  <Title
    prefix="Hi 👋, I'm"
    title="title"
  />
  <SubTitle
    subtitle="A passionate frontend developer from India"
  />
  <VisitorsBadge
    badgeOptions={
      Object {
        "badgeColor": "0e75b6",
        "badgeLabel": "Profile%20views",
        "badgeStyle": "flat",
      }
    }
    show={false}
  />
  <GithubProfileTrophy
    show={false}
  />
  <TwitterBadge
    base="https://twitter.com"
    show={false}
  />
  <DisplayWork
    link="currentWork"
    prefix="🔭 I’m currently working on"
    project="currentWork"
  />
  <DisplayWork
    link=""
    prefix="🌱 I’m currently learning"
    project=""
  />
  <DisplayWork
    link="collaborateOn"
    prefix="👯 I’m looking to collaborate on"
    project=""
  />
  <DisplayWork
    link="helpWith"
    prefix="🤝 I’m looking for help with"
    project=""
  />
  <DisplayWork
    link="portfolio"
    prefix="👨‍💻 All of my projects are available at"
    project=""
  />
  <DisplayWork
    link="blog"
    prefix="📝 I regularly write articles on"
    project=""
  />
  <DisplayWork
    link=""
    prefix="💬 Ask me about"
    project=""
  />
  <DisplayWork
    link=""
    prefix="📫 How to reach me"
    project=""
  />
  <DisplayWork
    link="resume"
    prefix="📄 Know about my experiences"
    project=""
  />
  <DisplayWork
    link=""
    prefix="⚡ Fun fact"
    project=""
  />
  <DisplayDynamicBlogs
    show={false}
  />
  <SectionTitle
    label="Connect with me:"
  />
  &lt;p align="left"&gt;
  <br />
  <DisplaySocial
    base="https://codepen.io"
    icon="https://raw.githubusercontent.com/rahuldkjain/github-profile-readme-generator/master/src/images/icons/Social/codepen.svg"
  />
  <DisplaySocial
    base="https://dev.to"
    icon="https://raw.githubusercontent.com/rahuldkjain/github-profile-readme-generator/master/src/images/icons/Social/devto.svg"
    username="dev"
  />
  <DisplaySocial
    base="https://twitter.com"
    icon="https://raw.githubusercontent.com/rahuldkjain/github-profile-readme-generator/master/src/images/icons/Social/twitter.svg"
  />
  <DisplaySocial
    base="https://linkedin.com/in"
    icon="https://raw.githubusercontent.com/rahuldkjain/github-profile-readme-generator/master/src/images/icons/Social/linked-in-alt.svg"
  />
  <DisplaySocial
    base="https://stackoverflow.com/users"
    icon="https://raw.githubusercontent.com/rahuldkjain/github-profile-readme-generator/master/src/images/icons/Social/stack-overflow.svg"
  />
  <DisplaySocial
    base="https://codesandbox.com"
    icon="https://raw.githubusercontent.com/rahuldkjain/github-profile-readme-generator/master/src/images/icons/Social/codesandbox.svg"
  />
  <DisplaySocial
    base="https://kaggle.com"
    icon="https://raw.githubusercontent.com/rahuldkjain/github-profile-readme-generator/master/src/images/icons/Social/kaggle.svg"
  />
  <DisplaySocial
    base="https://fb.com"
    icon="https://raw.githubusercontent.com/rahuldkjain/github-profile-readme-generator/master/src/images/icons/Social/facebook.svg"
  />
  <DisplaySocial
    base="https://instagram.com"
    icon="https://raw.githubusercontent.com/rahuldkjain/github-profile-readme-generator/master/src/images/icons/Social/instagram.svg"
  />
  <DisplaySocial
    base="https://dribbble.com"
    icon="https://raw.githubusercontent.com/rahuldkjain/github-profile-readme-generator/master/src/images/icons/Social/dribbble.svg"
  />
  <DisplaySocial
    base="https://www.behance.net"
    icon="https://raw.githubusercontent.com/rahuldkjain/github-profile-readme-generator/master/src/images/icons/Social/behance.svg"
  />
  <DisplaySocial
    base="https://medium.com"
    icon="https://raw.githubusercontent.com/rahuldkjain/github-profile-readme-generator/master/src/images/icons/Social/medium.svg"
  />
  <DisplaySocial
    base="https://www.youtube.com/c"
    icon="https://raw.githubusercontent.com/rahuldkjain/github-profile-readme-generator/master/src/images/icons/Social/youtube.svg"
  />
  <DisplaySocial
    base="https://www.codechef.com/users"
    icon="https://cdn.jsdelivr.net/npm/simple-icons@3.1.0/icons/codechef.svg"
    username=""
  />
  <DisplaySocial
    base="https://www.hackerrank.com"
    icon="https://raw.githubusercontent.com/rahuldkjain/github-profile-readme-generator/master/src/images/icons/Social/hackerrank.svg"
  />
  <DisplaySocial
    base="https://codeforces.com/profile"
    icon="https://raw.githubusercontent.com/rahuldkjain/github-profile-readme-generator/master/src/images/icons/Social/codeforces.svg"
  />
  <DisplaySocial
    base="https://www.leetcode.com"
    icon="https://raw.githubusercontent.com/rahuldkjain/github-profile-readme-generator/master/src/images/icons/Social/leet-code.svg"
  />
  <DisplaySocial
    base="https://www.hackerearth.com"
    icon="https://raw.githubusercontent.com/rahuldkjain/github-profile-readme-generator/master/src/images/icons/Social/hackerearth.svg"
  />
  <DisplaySocial
    base="https://auth.geeksforgeeks.org/user"
    icon="https://raw.githubusercontent.com/rahuldkjain/github-profile-readme-generator/master/src/images/icons/Social/geeks-for-geeks.svg"
  />
  <DisplaySocial
    base="https://www.topcoder.com/members"
    icon="https://raw.githubusercontent.com/rahuldkjain/github-profile-readme-generator/master/src/images/icons/Social/topcoder.svg"
  />
  <DisplaySocial
    base="https://discord.gg"
    icon="https://raw.githubusercontent.com/rahuldkjain/github-profile-readme-generator/master/src/images/icons/Social/discord.svg"
  />
  <DisplaySocial
    base=""
    icon="https://raw.githubusercontent.com/rahuldkjain/github-profile-readme-generator/master/src/images/icons/Social/rss.svg"
  />
  &lt;/p&gt;
  <br />
  <br />
  <DisplaySkills
    skills={
      Object {
        "express": false,
        "javascript": true,
      }
    }
  />
  <DisplaySupport
    support={
      Object {
        "buyMeACoffee": "",
      }
    }
  />
  <DisplayTopLanguages
    options={
      Object {
        "bgColor": "",
        "cacheSeconds": null,
        "hideBorder": false,
        "locale": "en",
        "textColor": "",
        "theme": "",
        "titleColor": "",
      }
    }
    show={true}
    showStats={true}
  />
  <GitHubStats
    options={
      Object {
        "bgColor": "",
        "cacheSeconds": null,
        "hideBorder": false,
        "locale": "en",
        "textColor": "",
        "theme": "",
        "titleColor": "",
      }
    }
    show={true}
  />
  <DisplayStreakStats
    options={
      Object {
        "bgColor": "",
        "cacheSeconds": "",
        "hideBorder": "",
        "locale": "",
        "textColor": "",
        "theme": "",
        "titleColor": "",
      }
    }
  />
</div>
`;

exports[`Markdown renders twitterBadge is true 1`] = `
<div
  className="break-words"
  id="markdown-content"
>
  <Title
    prefix="Hi 👋, I'm"
    title="title"
  />
  <SubTitle
    subtitle="A passionate frontend developer from India"
  />
  <VisitorsBadge
    badgeOptions={
      Object {
        "badgeColor": "0e75b6",
        "badgeLabel": "Profile%20views",
        "badgeStyle": "flat",
      }
    }
    show={false}
  />
  <GithubProfileTrophy
    show={false}
  />
  <TwitterBadge
    base="https://twitter.com"
    show={true}
  />
  <DisplayWork
    link="currentWork"
    prefix="🔭 I’m currently working on"
    project="currentWork"
  />
  <DisplayWork
    link=""
    prefix="🌱 I’m currently learning"
    project=""
  />
  <DisplayWork
    link="collaborateOn"
    prefix="👯 I’m looking to collaborate on"
    project=""
  />
  <DisplayWork
    link="helpWith"
    prefix="🤝 I’m looking for help with"
    project=""
  />
  <DisplayWork
    link="portfolio"
    prefix="👨‍💻 All of my projects are available at"
    project=""
  />
  <DisplayWork
    link="blog"
    prefix="📝 I regularly write articles on"
    project=""
  />
  <DisplayWork
    link=""
    prefix="💬 Ask me about"
    project=""
  />
  <DisplayWork
    link=""
    prefix="📫 How to reach me"
    project=""
  />
  <DisplayWork
    link="resume"
    prefix="📄 Know about my experiences"
    project=""
  />
  <DisplayWork
    link=""
    prefix="⚡ Fun fact"
    project=""
  />
  <DisplayDynamicBlogs
    show={false}
  />
  <SectionTitle
    label="Connect with me:"
  />
  &lt;p align="left"&gt;
  <br />
  <DisplaySocial
    base="https://codepen.io"
    icon="https://raw.githubusercontent.com/rahuldkjain/github-profile-readme-generator/master/src/images/icons/Social/codepen.svg"
  />
  <DisplaySocial
    base="https://dev.to"
    icon="https://raw.githubusercontent.com/rahuldkjain/github-profile-readme-generator/master/src/images/icons/Social/devto.svg"
    username="dev"
  />
  <DisplaySocial
    base="https://twitter.com"
    icon="https://raw.githubusercontent.com/rahuldkjain/github-profile-readme-generator/master/src/images/icons/Social/twitter.svg"
  />
  <DisplaySocial
    base="https://linkedin.com/in"
    icon="https://raw.githubusercontent.com/rahuldkjain/github-profile-readme-generator/master/src/images/icons/Social/linked-in-alt.svg"
  />
  <DisplaySocial
    base="https://stackoverflow.com/users"
    icon="https://raw.githubusercontent.com/rahuldkjain/github-profile-readme-generator/master/src/images/icons/Social/stack-overflow.svg"
  />
  <DisplaySocial
    base="https://codesandbox.com"
    icon="https://raw.githubusercontent.com/rahuldkjain/github-profile-readme-generator/master/src/images/icons/Social/codesandbox.svg"
  />
  <DisplaySocial
    base="https://kaggle.com"
    icon="https://raw.githubusercontent.com/rahuldkjain/github-profile-readme-generator/master/src/images/icons/Social/kaggle.svg"
  />
  <DisplaySocial
    base="https://fb.com"
    icon="https://raw.githubusercontent.com/rahuldkjain/github-profile-readme-generator/master/src/images/icons/Social/facebook.svg"
  />
  <DisplaySocial
    base="https://instagram.com"
    icon="https://raw.githubusercontent.com/rahuldkjain/github-profile-readme-generator/master/src/images/icons/Social/instagram.svg"
  />
  <DisplaySocial
    base="https://dribbble.com"
    icon="https://raw.githubusercontent.com/rahuldkjain/github-profile-readme-generator/master/src/images/icons/Social/dribbble.svg"
  />
  <DisplaySocial
    base="https://www.behance.net"
    icon="https://raw.githubusercontent.com/rahuldkjain/github-profile-readme-generator/master/src/images/icons/Social/behance.svg"
  />
  <DisplaySocial
    base="https://medium.com"
    icon="https://raw.githubusercontent.com/rahuldkjain/github-profile-readme-generator/master/src/images/icons/Social/medium.svg"
  />
  <DisplaySocial
    base="https://www.youtube.com/c"
    icon="https://raw.githubusercontent.com/rahuldkjain/github-profile-readme-generator/master/src/images/icons/Social/youtube.svg"
  />
  <DisplaySocial
    base="https://www.codechef.com/users"
    icon="https://cdn.jsdelivr.net/npm/simple-icons@3.1.0/icons/codechef.svg"
    username=""
  />
  <DisplaySocial
    base="https://www.hackerrank.com"
    icon="https://raw.githubusercontent.com/rahuldkjain/github-profile-readme-generator/master/src/images/icons/Social/hackerrank.svg"
  />
  <DisplaySocial
    base="https://codeforces.com/profile"
    icon="https://raw.githubusercontent.com/rahuldkjain/github-profile-readme-generator/master/src/images/icons/Social/codeforces.svg"
  />
  <DisplaySocial
    base="https://www.leetcode.com"
    icon="https://raw.githubusercontent.com/rahuldkjain/github-profile-readme-generator/master/src/images/icons/Social/leet-code.svg"
  />
  <DisplaySocial
    base="https://www.hackerearth.com"
    icon="https://raw.githubusercontent.com/rahuldkjain/github-profile-readme-generator/master/src/images/icons/Social/hackerearth.svg"
  />
  <DisplaySocial
    base="https://auth.geeksforgeeks.org/user"
    icon="https://raw.githubusercontent.com/rahuldkjain/github-profile-readme-generator/master/src/images/icons/Social/geeks-for-geeks.svg"
  />
  <DisplaySocial
    base="https://www.topcoder.com/members"
    icon="https://raw.githubusercontent.com/rahuldkjain/github-profile-readme-generator/master/src/images/icons/Social/topcoder.svg"
  />
  <DisplaySocial
    base="https://discord.gg"
    icon="https://raw.githubusercontent.com/rahuldkjain/github-profile-readme-generator/master/src/images/icons/Social/discord.svg"
  />
  <DisplaySocial
    base=""
    icon="https://raw.githubusercontent.com/rahuldkjain/github-profile-readme-generator/master/src/images/icons/Social/rss.svg"
  />
  &lt;/p&gt;
  <br />
  <br />
  <DisplaySkills
    skills={
      Object {
        "express": false,
        "javascript": true,
      }
    }
  />
  <DisplaySupport
    support={
      Object {
        "buyMeACoffee": "",
      }
    }
  />
  <DisplayTopLanguages
    options={
      Object {
        "bgColor": "",
        "cacheSeconds": null,
        "hideBorder": false,
        "locale": "en",
        "textColor": "",
        "theme": "",
        "titleColor": "",
      }
    }
    show={false}
    showStats={false}
  />
  <GitHubStats
    options={
      Object {
        "bgColor": "",
        "cacheSeconds": null,
        "hideBorder": false,
        "locale": "en",
        "textColor": "",
        "theme": "",
        "titleColor": "",
      }
    }
    show={false}
  />
  <DisplayStreakStats
    options={
      Object {
        "bgColor": "",
        "cacheSeconds": "",
        "hideBorder": "",
        "locale": "",
        "textColor": "",
        "theme": "",
        "titleColor": "",
      }
    }
  />
</div>
`;

exports[`Markdown renders visitorsBadge is true 1`] = `
<div
  className="break-words"
  id="markdown-content"
>
  <Title
    prefix="Hi 👋, I'm"
    title="title"
  />
  <SubTitle
    subtitle="A passionate frontend developer from India"
  />
  <VisitorsBadge
    badgeOptions={
      Object {
        "badgeColor": "0e75b6",
        "badgeLabel": "Profile%20views",
        "badgeStyle": "flat",
      }
    }
    show={true}
  />
  <GithubProfileTrophy
    show={false}
  />
  <TwitterBadge
    base="https://twitter.com"
    show={false}
  />
  <DisplayWork
    link="currentWork"
    prefix="🔭 I’m currently working on"
    project="currentWork"
  />
  <DisplayWork
    link=""
    prefix="🌱 I’m currently learning"
    project=""
  />
  <DisplayWork
    link="collaborateOn"
    prefix="👯 I’m looking to collaborate on"
    project=""
  />
  <DisplayWork
    link="helpWith"
    prefix="🤝 I’m looking for help with"
    project=""
  />
  <DisplayWork
    link="portfolio"
    prefix="👨‍💻 All of my projects are available at"
    project=""
  />
  <DisplayWork
    link="blog"
    prefix="📝 I regularly write articles on"
    project=""
  />
  <DisplayWork
    link=""
    prefix="💬 Ask me about"
    project=""
  />
  <DisplayWork
    link=""
    prefix="📫 How to reach me"
    project=""
  />
  <DisplayWork
    link="resume"
    prefix="📄 Know about my experiences"
    project=""
  />
  <DisplayWork
    link=""
    prefix="⚡ Fun fact"
    project=""
  />
  <DisplayDynamicBlogs
    show={false}
  />
  <SectionTitle
    label="Connect with me:"
  />
  &lt;p align="left"&gt;
  <br />
  <DisplaySocial
    base="https://codepen.io"
    icon="https://raw.githubusercontent.com/rahuldkjain/github-profile-readme-generator/master/src/images/icons/Social/codepen.svg"
  />
  <DisplaySocial
    base="https://dev.to"
    icon="https://raw.githubusercontent.com/rahuldkjain/github-profile-readme-generator/master/src/images/icons/Social/devto.svg"
    username="dev"
  />
  <DisplaySocial
    base="https://twitter.com"
    icon="https://raw.githubusercontent.com/rahuldkjain/github-profile-readme-generator/master/src/images/icons/Social/twitter.svg"
  />
  <DisplaySocial
    base="https://linkedin.com/in"
    icon="https://raw.githubusercontent.com/rahuldkjain/github-profile-readme-generator/master/src/images/icons/Social/linked-in-alt.svg"
  />
  <DisplaySocial
    base="https://stackoverflow.com/users"
    icon="https://raw.githubusercontent.com/rahuldkjain/github-profile-readme-generator/master/src/images/icons/Social/stack-overflow.svg"
  />
  <DisplaySocial
    base="https://codesandbox.com"
    icon="https://raw.githubusercontent.com/rahuldkjain/github-profile-readme-generator/master/src/images/icons/Social/codesandbox.svg"
  />
  <DisplaySocial
    base="https://kaggle.com"
    icon="https://raw.githubusercontent.com/rahuldkjain/github-profile-readme-generator/master/src/images/icons/Social/kaggle.svg"
  />
  <DisplaySocial
    base="https://fb.com"
    icon="https://raw.githubusercontent.com/rahuldkjain/github-profile-readme-generator/master/src/images/icons/Social/facebook.svg"
  />
  <DisplaySocial
    base="https://instagram.com"
    icon="https://raw.githubusercontent.com/rahuldkjain/github-profile-readme-generator/master/src/images/icons/Social/instagram.svg"
  />
  <DisplaySocial
    base="https://dribbble.com"
    icon="https://raw.githubusercontent.com/rahuldkjain/github-profile-readme-generator/master/src/images/icons/Social/dribbble.svg"
  />
  <DisplaySocial
    base="https://www.behance.net"
    icon="https://raw.githubusercontent.com/rahuldkjain/github-profile-readme-generator/master/src/images/icons/Social/behance.svg"
  />
  <DisplaySocial
    base="https://medium.com"
    icon="https://raw.githubusercontent.com/rahuldkjain/github-profile-readme-generator/master/src/images/icons/Social/medium.svg"
  />
  <DisplaySocial
    base="https://www.youtube.com/c"
    icon="https://raw.githubusercontent.com/rahuldkjain/github-profile-readme-generator/master/src/images/icons/Social/youtube.svg"
  />
  <DisplaySocial
    base="https://www.codechef.com/users"
    icon="https://cdn.jsdelivr.net/npm/simple-icons@3.1.0/icons/codechef.svg"
    username=""
  />
  <DisplaySocial
    base="https://www.hackerrank.com"
    icon="https://raw.githubusercontent.com/rahuldkjain/github-profile-readme-generator/master/src/images/icons/Social/hackerrank.svg"
  />
  <DisplaySocial
    base="https://codeforces.com/profile"
    icon="https://raw.githubusercontent.com/rahuldkjain/github-profile-readme-generator/master/src/images/icons/Social/codeforces.svg"
  />
  <DisplaySocial
    base="https://www.leetcode.com"
    icon="https://raw.githubusercontent.com/rahuldkjain/github-profile-readme-generator/master/src/images/icons/Social/leet-code.svg"
  />
  <DisplaySocial
    base="https://www.hackerearth.com"
    icon="https://raw.githubusercontent.com/rahuldkjain/github-profile-readme-generator/master/src/images/icons/Social/hackerearth.svg"
  />
  <DisplaySocial
    base="https://auth.geeksforgeeks.org/user"
    icon="https://raw.githubusercontent.com/rahuldkjain/github-profile-readme-generator/master/src/images/icons/Social/geeks-for-geeks.svg"
  />
  <DisplaySocial
    base="https://www.topcoder.com/members"
    icon="https://raw.githubusercontent.com/rahuldkjain/github-profile-readme-generator/master/src/images/icons/Social/topcoder.svg"
  />
  <DisplaySocial
    base="https://discord.gg"
    icon="https://raw.githubusercontent.com/rahuldkjain/github-profile-readme-generator/master/src/images/icons/Social/discord.svg"
  />
  <DisplaySocial
    base=""
    icon="https://raw.githubusercontent.com/rahuldkjain/github-profile-readme-generator/master/src/images/icons/Social/rss.svg"
  />
  &lt;/p&gt;
  <br />
  <br />
  <DisplaySkills
    skills={
      Object {
        "express": false,
        "javascript": true,
      }
    }
  />
  <DisplaySupport
    support={
      Object {
        "buyMeACoffee": "",
      }
    }
  />
  <DisplayTopLanguages
    options={
      Object {
        "bgColor": "",
        "cacheSeconds": null,
        "hideBorder": false,
        "locale": "en",
        "textColor": "",
        "theme": "",
        "titleColor": "",
      }
    }
    show={false}
    showStats={false}
  />
  <GitHubStats
    options={
      Object {
        "bgColor": "",
        "cacheSeconds": null,
        "hideBorder": false,
        "locale": "en",
        "textColor": "",
        "theme": "",
        "titleColor": "",
      }
    }
    show={false}
  />
  <DisplayStreakStats
    options={
      Object {
        "bgColor": "",
        "cacheSeconds": "",
        "hideBorder": "",
        "locale": "",
        "textColor": "",
        "theme": "",
        "titleColor": "",
      }
    }
  />
</div>
`;

exports[`Markdown renders without link.currentWork 1`] = `
<div
  className="break-words"
  id="markdown-content"
>
  <Title
    prefix="Hi 👋, I'm"
    title="title"
  />
  <SubTitle
    subtitle="A passionate frontend developer from India"
  />
  <VisitorsBadge
    badgeOptions={
      Object {
        "badgeColor": "0e75b6",
        "badgeLabel": "Profile%20views",
        "badgeStyle": "flat",
      }
    }
    show={false}
  />
  <GithubProfileTrophy
    show={false}
  />
  <TwitterBadge
    base="https://twitter.com"
    show={false}
  />
  <DisplayWork
    link=""
    prefix="🔭 I’m currently working on"
    project="currentWork"
  />
  <DisplayWork
    link=""
    prefix="🌱 I’m currently learning"
    project=""
  />
  <DisplayWork
    link=""
    prefix="👯 I’m looking to collaborate on"
    project=""
  />
  <DisplayWork
    link=""
    prefix="🤝 I’m looking for help with"
    project=""
  />
  <DisplayWork
    link=""
    prefix="👨‍💻 All of my projects are available at"
    project=""
  />
  <DisplayWork
    link=""
    prefix="📝 I regularly write articles on"
    project=""
  />
  <DisplayWork
    link=""
    prefix="💬 Ask me about"
    project=""
  />
  <DisplayWork
    link=""
    prefix="📫 How to reach me"
    project=""
  />
  <DisplayWork
    link=""
    prefix="📄 Know about my experiences"
    project=""
  />
  <DisplayWork
    link=""
    prefix="⚡ Fun fact"
    project=""
  />
  <DisplayDynamicBlogs
    show={false}
  />
  <SectionTitle
    label="Connect with me:"
  />
  &lt;p align="left"&gt;
  <br />
  <DisplaySocial
    base="https://codepen.io"
    icon="https://raw.githubusercontent.com/rahuldkjain/github-profile-readme-generator/master/src/images/icons/Social/codepen.svg"
  />
  <DisplaySocial
    base="https://dev.to"
    icon="https://raw.githubusercontent.com/rahuldkjain/github-profile-readme-generator/master/src/images/icons/Social/devto.svg"
    username="dev"
  />
  <DisplaySocial
    base="https://twitter.com"
    icon="https://raw.githubusercontent.com/rahuldkjain/github-profile-readme-generator/master/src/images/icons/Social/twitter.svg"
  />
  <DisplaySocial
    base="https://linkedin.com/in"
    icon="https://raw.githubusercontent.com/rahuldkjain/github-profile-readme-generator/master/src/images/icons/Social/linked-in-alt.svg"
  />
  <DisplaySocial
    base="https://stackoverflow.com/users"
    icon="https://raw.githubusercontent.com/rahuldkjain/github-profile-readme-generator/master/src/images/icons/Social/stack-overflow.svg"
  />
  <DisplaySocial
    base="https://codesandbox.com"
    icon="https://raw.githubusercontent.com/rahuldkjain/github-profile-readme-generator/master/src/images/icons/Social/codesandbox.svg"
  />
  <DisplaySocial
    base="https://kaggle.com"
    icon="https://raw.githubusercontent.com/rahuldkjain/github-profile-readme-generator/master/src/images/icons/Social/kaggle.svg"
  />
  <DisplaySocial
    base="https://fb.com"
    icon="https://raw.githubusercontent.com/rahuldkjain/github-profile-readme-generator/master/src/images/icons/Social/facebook.svg"
  />
  <DisplaySocial
    base="https://instagram.com"
    icon="https://raw.githubusercontent.com/rahuldkjain/github-profile-readme-generator/master/src/images/icons/Social/instagram.svg"
  />
  <DisplaySocial
    base="https://dribbble.com"
    icon="https://raw.githubusercontent.com/rahuldkjain/github-profile-readme-generator/master/src/images/icons/Social/dribbble.svg"
  />
  <DisplaySocial
    base="https://www.behance.net"
    icon="https://raw.githubusercontent.com/rahuldkjain/github-profile-readme-generator/master/src/images/icons/Social/behance.svg"
  />
  <DisplaySocial
    base="https://medium.com"
    icon="https://raw.githubusercontent.com/rahuldkjain/github-profile-readme-generator/master/src/images/icons/Social/medium.svg"
  />
  <DisplaySocial
    base="https://www.youtube.com/c"
    icon="https://raw.githubusercontent.com/rahuldkjain/github-profile-readme-generator/master/src/images/icons/Social/youtube.svg"
  />
  <DisplaySocial
    base="https://www.codechef.com/users"
    icon="https://cdn.jsdelivr.net/npm/simple-icons@3.1.0/icons/codechef.svg"
    username=""
  />
  <DisplaySocial
    base="https://www.hackerrank.com"
    icon="https://raw.githubusercontent.com/rahuldkjain/github-profile-readme-generator/master/src/images/icons/Social/hackerrank.svg"
  />
  <DisplaySocial
    base="https://codeforces.com/profile"
    icon="https://raw.githubusercontent.com/rahuldkjain/github-profile-readme-generator/master/src/images/icons/Social/codeforces.svg"
  />
  <DisplaySocial
    base="https://www.leetcode.com"
    icon="https://raw.githubusercontent.com/rahuldkjain/github-profile-readme-generator/master/src/images/icons/Social/leet-code.svg"
  />
  <DisplaySocial
    base="https://www.hackerearth.com"
    icon="https://raw.githubusercontent.com/rahuldkjain/github-profile-readme-generator/master/src/images/icons/Social/hackerearth.svg"
  />
  <DisplaySocial
    base="https://auth.geeksforgeeks.org/user"
    icon="https://raw.githubusercontent.com/rahuldkjain/github-profile-readme-generator/master/src/images/icons/Social/geeks-for-geeks.svg"
  />
  <DisplaySocial
    base="https://www.topcoder.com/members"
    icon="https://raw.githubusercontent.com/rahuldkjain/github-profile-readme-generator/master/src/images/icons/Social/topcoder.svg"
  />
  <DisplaySocial
    base="https://discord.gg"
    icon="https://raw.githubusercontent.com/rahuldkjain/github-profile-readme-generator/master/src/images/icons/Social/discord.svg"
  />
  <DisplaySocial
    base=""
    icon="https://raw.githubusercontent.com/rahuldkjain/github-profile-readme-generator/master/src/images/icons/Social/rss.svg"
  />
  &lt;/p&gt;
  <br />
  <br />
  <DisplaySkills
    skills={
      Object {
        "express": false,
        "javascript": true,
      }
    }
  />
  <DisplaySupport
    support={
      Object {
        "buyMeACoffee": "",
      }
    }
  />
  <DisplayTopLanguages
    options={
      Object {
        "bgColor": "",
        "cacheSeconds": null,
        "hideBorder": false,
        "locale": "en",
        "textColor": "",
        "theme": "",
        "titleColor": "",
      }
    }
    show={false}
    showStats={false}
  />
  <GitHubStats
    options={
      Object {
        "bgColor": "",
        "cacheSeconds": null,
        "hideBorder": false,
        "locale": "en",
        "textColor": "",
        "theme": "",
        "titleColor": "",
      }
    }
    show={false}
  />
  <DisplayStreakStats
    options={
      Object {
        "bgColor": "",
        "cacheSeconds": "",
        "hideBorder": "",
        "locale": "",
        "textColor": "",
        "theme": "",
        "titleColor": "",
      }
    }
  />
</div>
`;

exports[`Markdown renders without prefix.title and data.title 1`] = `
<div
  className="break-words"
  id="markdown-content"
>
  <Title
    prefix=""
    title=""
  />
  <SubTitle
    subtitle="A passionate frontend developer from India"
  />
  <VisitorsBadge
    badgeOptions={
      Object {
        "badgeColor": "0e75b6",
        "badgeLabel": "Profile%20views",
        "badgeStyle": "flat",
      }
    }
    show={false}
  />
  <GithubProfileTrophy
    show={false}
  />
  <TwitterBadge
    base="https://twitter.com"
    show={false}
  />
  <DisplayWork
    link="currentWork"
    prefix="🔭 I’m currently working on"
    project="currentWork"
  />
  <DisplayWork
    link=""
    prefix="🌱 I’m currently learning"
    project=""
  />
  <DisplayWork
    link="collaborateOn"
    prefix="👯 I’m looking to collaborate on"
    project=""
  />
  <DisplayWork
    link="helpWith"
    prefix="🤝 I’m looking for help with"
    project=""
  />
  <DisplayWork
    link="portfolio"
    prefix="👨‍💻 All of my projects are available at"
    project=""
  />
  <DisplayWork
    link="blog"
    prefix="📝 I regularly write articles on"
    project=""
  />
  <DisplayWork
    link=""
    prefix="💬 Ask me about"
    project=""
  />
  <DisplayWork
    link=""
    prefix="📫 How to reach me"
    project=""
  />
  <DisplayWork
    link="resume"
    prefix="📄 Know about my experiences"
    project=""
  />
  <DisplayWork
    link=""
    prefix="⚡ Fun fact"
    project=""
  />
  <DisplayDynamicBlogs
    show={false}
  />
  <SectionTitle
    label="Connect with me:"
  />
  &lt;p align="left"&gt;
  <br />
  <DisplaySocial
    base="https://codepen.io"
    icon="https://raw.githubusercontent.com/rahuldkjain/github-profile-readme-generator/master/src/images/icons/Social/codepen.svg"
  />
  <DisplaySocial
    base="https://dev.to"
    icon="https://raw.githubusercontent.com/rahuldkjain/github-profile-readme-generator/master/src/images/icons/Social/devto.svg"
    username="dev"
  />
  <DisplaySocial
    base="https://twitter.com"
    icon="https://raw.githubusercontent.com/rahuldkjain/github-profile-readme-generator/master/src/images/icons/Social/twitter.svg"
  />
  <DisplaySocial
    base="https://linkedin.com/in"
    icon="https://raw.githubusercontent.com/rahuldkjain/github-profile-readme-generator/master/src/images/icons/Social/linked-in-alt.svg"
  />
  <DisplaySocial
    base="https://stackoverflow.com/users"
    icon="https://raw.githubusercontent.com/rahuldkjain/github-profile-readme-generator/master/src/images/icons/Social/stack-overflow.svg"
  />
  <DisplaySocial
    base="https://codesandbox.com"
    icon="https://raw.githubusercontent.com/rahuldkjain/github-profile-readme-generator/master/src/images/icons/Social/codesandbox.svg"
  />
  <DisplaySocial
    base="https://kaggle.com"
    icon="https://raw.githubusercontent.com/rahuldkjain/github-profile-readme-generator/master/src/images/icons/Social/kaggle.svg"
  />
  <DisplaySocial
    base="https://fb.com"
    icon="https://raw.githubusercontent.com/rahuldkjain/github-profile-readme-generator/master/src/images/icons/Social/facebook.svg"
  />
  <DisplaySocial
    base="https://instagram.com"
    icon="https://raw.githubusercontent.com/rahuldkjain/github-profile-readme-generator/master/src/images/icons/Social/instagram.svg"
  />
  <DisplaySocial
    base="https://dribbble.com"
    icon="https://raw.githubusercontent.com/rahuldkjain/github-profile-readme-generator/master/src/images/icons/Social/dribbble.svg"
  />
  <DisplaySocial
    base="https://www.behance.net"
    icon="https://raw.githubusercontent.com/rahuldkjain/github-profile-readme-generator/master/src/images/icons/Social/behance.svg"
  />
  <DisplaySocial
    base="https://medium.com"
    icon="https://raw.githubusercontent.com/rahuldkjain/github-profile-readme-generator/master/src/images/icons/Social/medium.svg"
  />
  <DisplaySocial
    base="https://www.youtube.com/c"
    icon="https://raw.githubusercontent.com/rahuldkjain/github-profile-readme-generator/master/src/images/icons/Social/youtube.svg"
  />
  <DisplaySocial
    base="https://www.codechef.com/users"
    icon="https://cdn.jsdelivr.net/npm/simple-icons@3.1.0/icons/codechef.svg"
    username=""
  />
  <DisplaySocial
    base="https://www.hackerrank.com"
    icon="https://raw.githubusercontent.com/rahuldkjain/github-profile-readme-generator/master/src/images/icons/Social/hackerrank.svg"
  />
  <DisplaySocial
    base="https://codeforces.com/profile"
    icon="https://raw.githubusercontent.com/rahuldkjain/github-profile-readme-generator/master/src/images/icons/Social/codeforces.svg"
  />
  <DisplaySocial
    base="https://www.leetcode.com"
    icon="https://raw.githubusercontent.com/rahuldkjain/github-profile-readme-generator/master/src/images/icons/Social/leet-code.svg"
  />
  <DisplaySocial
    base="https://www.hackerearth.com"
    icon="https://raw.githubusercontent.com/rahuldkjain/github-profile-readme-generator/master/src/images/icons/Social/hackerearth.svg"
  />
  <DisplaySocial
    base="https://auth.geeksforgeeks.org/user"
    icon="https://raw.githubusercontent.com/rahuldkjain/github-profile-readme-generator/master/src/images/icons/Social/geeks-for-geeks.svg"
  />
  <DisplaySocial
    base="https://www.topcoder.com/members"
    icon="https://raw.githubusercontent.com/rahuldkjain/github-profile-readme-generator/master/src/images/icons/Social/topcoder.svg"
  />
  <DisplaySocial
    base="https://discord.gg"
    icon="https://raw.githubusercontent.com/rahuldkjain/github-profile-readme-generator/master/src/images/icons/Social/discord.svg"
  />
  <DisplaySocial
    base=""
    icon="https://raw.githubusercontent.com/rahuldkjain/github-profile-readme-generator/master/src/images/icons/Social/rss.svg"
  />
  &lt;/p&gt;
  <br />
  <br />
  <DisplaySkills
    skills={
      Object {
        "express": false,
        "javascript": true,
      }
    }
  />
  <DisplaySupport
    support={
      Object {
        "buyMeACoffee": "",
      }
    }
  />
  <DisplayTopLanguages
    options={
      Object {
        "bgColor": "",
        "cacheSeconds": null,
        "hideBorder": false,
        "locale": "en",
        "textColor": "",
        "theme": "",
        "titleColor": "",
      }
    }
    show={false}
    showStats={false}
  />
  <GitHubStats
    options={
      Object {
        "bgColor": "",
        "cacheSeconds": null,
        "hideBorder": false,
        "locale": "en",
        "textColor": "",
        "theme": "",
        "titleColor": "",
      }
    }
    show={false}
  />
  <DisplayStreakStats
    options={
      Object {
        "bgColor": "",
        "cacheSeconds": "",
        "hideBorder": "",
        "locale": "",
        "textColor": "",
        "theme": "",
        "titleColor": "",
      }
    }
  />
</div>
`;

exports[`Markdown renders without subtitle 1`] = `
<div
  className="break-words"
  id="markdown-content"
>
  <Title
    prefix="Hi 👋, I'm"
    title="title"
  />
  <SubTitle
    subtitle=""
  />
  <VisitorsBadge
    badgeOptions={
      Object {
        "badgeColor": "0e75b6",
        "badgeLabel": "Profile%20views",
        "badgeStyle": "flat",
      }
    }
    show={false}
  />
  <GithubProfileTrophy
    show={false}
  />
  <TwitterBadge
    base="https://twitter.com"
    show={false}
  />
  <DisplayWork
    link="currentWork"
    prefix="🔭 I’m currently working on"
    project="currentWork"
  />
  <DisplayWork
    link=""
    prefix="🌱 I’m currently learning"
    project=""
  />
  <DisplayWork
    link="collaborateOn"
    prefix="👯 I’m looking to collaborate on"
    project=""
  />
  <DisplayWork
    link="helpWith"
    prefix="🤝 I’m looking for help with"
    project=""
  />
  <DisplayWork
    link="portfolio"
    prefix="👨‍💻 All of my projects are available at"
    project=""
  />
  <DisplayWork
    link="blog"
    prefix="📝 I regularly write articles on"
    project=""
  />
  <DisplayWork
    link=""
    prefix="💬 Ask me about"
    project=""
  />
  <DisplayWork
    link=""
    prefix="📫 How to reach me"
    project=""
  />
  <DisplayWork
    link="resume"
    prefix="📄 Know about my experiences"
    project=""
  />
  <DisplayWork
    link=""
    prefix="⚡ Fun fact"
    project=""
  />
  <DisplayDynamicBlogs
    show={false}
  />
  <SectionTitle
    label="Connect with me:"
  />
  &lt;p align="left"&gt;
  <br />
  <DisplaySocial
    base="https://codepen.io"
    icon="https://raw.githubusercontent.com/rahuldkjain/github-profile-readme-generator/master/src/images/icons/Social/codepen.svg"
  />
  <DisplaySocial
    base="https://dev.to"
    icon="https://raw.githubusercontent.com/rahuldkjain/github-profile-readme-generator/master/src/images/icons/Social/devto.svg"
    username="dev"
  />
  <DisplaySocial
    base="https://twitter.com"
    icon="https://raw.githubusercontent.com/rahuldkjain/github-profile-readme-generator/master/src/images/icons/Social/twitter.svg"
  />
  <DisplaySocial
    base="https://linkedin.com/in"
    icon="https://raw.githubusercontent.com/rahuldkjain/github-profile-readme-generator/master/src/images/icons/Social/linked-in-alt.svg"
  />
  <DisplaySocial
    base="https://stackoverflow.com/users"
    icon="https://raw.githubusercontent.com/rahuldkjain/github-profile-readme-generator/master/src/images/icons/Social/stack-overflow.svg"
  />
  <DisplaySocial
    base="https://codesandbox.com"
    icon="https://raw.githubusercontent.com/rahuldkjain/github-profile-readme-generator/master/src/images/icons/Social/codesandbox.svg"
  />
  <DisplaySocial
    base="https://kaggle.com"
    icon="https://raw.githubusercontent.com/rahuldkjain/github-profile-readme-generator/master/src/images/icons/Social/kaggle.svg"
  />
  <DisplaySocial
    base="https://fb.com"
    icon="https://raw.githubusercontent.com/rahuldkjain/github-profile-readme-generator/master/src/images/icons/Social/facebook.svg"
  />
  <DisplaySocial
    base="https://instagram.com"
    icon="https://raw.githubusercontent.com/rahuldkjain/github-profile-readme-generator/master/src/images/icons/Social/instagram.svg"
  />
  <DisplaySocial
    base="https://dribbble.com"
    icon="https://raw.githubusercontent.com/rahuldkjain/github-profile-readme-generator/master/src/images/icons/Social/dribbble.svg"
  />
  <DisplaySocial
    base="https://www.behance.net"
    icon="https://raw.githubusercontent.com/rahuldkjain/github-profile-readme-generator/master/src/images/icons/Social/behance.svg"
  />
  <DisplaySocial
    base="https://medium.com"
    icon="https://raw.githubusercontent.com/rahuldkjain/github-profile-readme-generator/master/src/images/icons/Social/medium.svg"
  />
  <DisplaySocial
    base="https://www.youtube.com/c"
    icon="https://raw.githubusercontent.com/rahuldkjain/github-profile-readme-generator/master/src/images/icons/Social/youtube.svg"
  />
  <DisplaySocial
    base="https://www.codechef.com/users"
    icon="https://cdn.jsdelivr.net/npm/simple-icons@3.1.0/icons/codechef.svg"
    username=""
  />
  <DisplaySocial
    base="https://www.hackerrank.com"
    icon="https://raw.githubusercontent.com/rahuldkjain/github-profile-readme-generator/master/src/images/icons/Social/hackerrank.svg"
  />
  <DisplaySocial
    base="https://codeforces.com/profile"
    icon="https://raw.githubusercontent.com/rahuldkjain/github-profile-readme-generator/master/src/images/icons/Social/codeforces.svg"
  />
  <DisplaySocial
    base="https://www.leetcode.com"
    icon="https://raw.githubusercontent.com/rahuldkjain/github-profile-readme-generator/master/src/images/icons/Social/leet-code.svg"
  />
  <DisplaySocial
    base="https://www.hackerearth.com"
    icon="https://raw.githubusercontent.com/rahuldkjain/github-profile-readme-generator/master/src/images/icons/Social/hackerearth.svg"
  />
  <DisplaySocial
    base="https://auth.geeksforgeeks.org/user"
    icon="https://raw.githubusercontent.com/rahuldkjain/github-profile-readme-generator/master/src/images/icons/Social/geeks-for-geeks.svg"
  />
  <DisplaySocial
    base="https://www.topcoder.com/members"
    icon="https://raw.githubusercontent.com/rahuldkjain/github-profile-readme-generator/master/src/images/icons/Social/topcoder.svg"
  />
  <DisplaySocial
    base="https://discord.gg"
    icon="https://raw.githubusercontent.com/rahuldkjain/github-profile-readme-generator/master/src/images/icons/Social/discord.svg"
  />
  <DisplaySocial
    base=""
    icon="https://raw.githubusercontent.com/rahuldkjain/github-profile-readme-generator/master/src/images/icons/Social/rss.svg"
  />
  &lt;/p&gt;
  <br />
  <br />
  <DisplaySkills
    skills={
      Object {
        "express": false,
        "javascript": true,
      }
    }
  />
  <DisplaySupport
    support={
      Object {
        "buyMeACoffee": "",
      }
    }
  />
  <DisplayTopLanguages
    options={
      Object {
        "bgColor": "",
        "cacheSeconds": null,
        "hideBorder": false,
        "locale": "en",
        "textColor": "",
        "theme": "",
        "titleColor": "",
      }
    }
    show={false}
    showStats={false}
  />
  <GitHubStats
    options={
      Object {
        "bgColor": "",
        "cacheSeconds": null,
        "hideBorder": false,
        "locale": "en",
        "textColor": "",
        "theme": "",
        "titleColor": "",
      }
    }
    show={false}
  />
  <DisplayStreakStats
    options={
      Object {
        "bgColor": "",
        "cacheSeconds": "",
        "hideBorder": "",
        "locale": "",
        "textColor": "",
        "theme": "",
        "titleColor": "",
      }
    }
  />
</div>
`;
